2026-05-23 02:23:20.870 [Information] Arma3ServerTools: Starting Arma3 Server Tools. Install=C:\Program Files\Arma3 Server Tools\, UserData=C:\Program Files\Arma3 Server Tools\.
2026-05-23 02:42:28.279 [Information] Arma3ServerTools: Starting Arma3 Server Tools. Install=C:\Program Files\Arma3 Server Tools\, UserData=C:\Program Files\Arma3 Server Tools\.
2026-05-23 03:06:54.901 [Information] Arma3ServerTools: Starting Arma3 Server Tools. Install=C:\Program Files\Arma3 Server Tools\, UserData=C:\Program Files\Arma3 Server Tools\.
2026-05-23 03:25:08.513 [Information] Arma3ServerTools: Starting Arma3 Server Tools. Install=C:\Program Files\Arma3 Server Tools\, UserData=C:\Program Files\Arma3 Server Tools\.
2026-05-25 11:25:30.524 [Information] Arma3ServerTools: Starting Arma3 Server Tools. Install=C:\Program Files\Arma3 Server Tools\, UserData=C:\Program Files\Arma3 Server Tools\.
2026-05-25 11:45:21.671 [Information] Arma3ServerTools: Starting Arma3 Server Tools. Install=C:\Program Files\Arma3 Server Tools\, UserData=C:\Program Files\Arma3 Server Tools\.
2026-05-25 11:45:39.166 [Information] Arma3ServerTools: Starting Arma3 Server Tools. Install=C:\Program Files\Arma3 Server Tools\, UserData=C:\Program Files\Arma3 Server Tools\.
2026-05-25 11:45:49.757 [Information] Arma3ServerTools: Starting Arma3 Server Tools. Install=C:\Program Files\Arma3 Server Tools\, UserData=C:\Program Files\Arma3 Server Tools\.
2026-05-25 11:49:11.969 [Information] Arma3ServerTools: Starting Arma3 Server Tools. Install=C:\Program Files\Arma3 Server Tools\, UserData=C:\Program Files\Arma3 Server Tools\.
2026-05-25 11:49:40.434 [Information] Arma3ServerTools: Starting Arma3 Server Tools. Install=C:\Program Files\Arma3 Server Tools\, UserData=C:\Program Files\Arma3 Server Tools\.
2026-05-25 11:51:27.700 [Information] Arma3ServerTools: Starting Arma3 Server Tools. Install=C:\Program Files\Arma3 Server Tools\, UserData=C:\Program Files\Arma3 Server Tools\.
2026-05-25 12:01:28.259 [Information] Arma3ServerTools: Starting Arma3 Server Tools. Install=C:\Program Files\Arma3 Server Tools\, UserData=C:\Program Files\Arma3 Server Tools\.
2026-05-25 12:01:43.920 [Information] Arma3ServerTools: Starting Arma3 Server Tools. Install=C:\Program Files\Arma3 Server Tools\, UserData=C:\Program Files\Arma3 Server Tools\.
2026-05-25 12:02:04.697 [Information] Arma3ServerTools: Starting Arma3 Server Tools. Install=C:\Program Files\Arma3 Server Tools\, UserData=C:\Program Files\Arma3 Server Tools\.
2026-05-25 12:02:24.838 [Information] Arma3ServerTools: Starting Arma3 Server Tools. Install=C:\Program Files\Arma3 Server Tools\, UserData=C:\Program Files\Arma3 Server Tools\.
2026-05-25 12:33:30.106 [Information] Arma3ServerTools: Starting Arma3 Server Tools. Install=C:\Program Files\Arma3 Server Tools\, UserData=C:\Program Files\Arma3 Server Tools\.
2026-05-27 12:06:55.822 [Information] Arma3ServerTools: Starting Arma3 Server Tools. Install=C:\Program Files\Arma3 Server Tools\, UserData=C:\Program Files\Arma3 Server Tools\.
2026-05-27 12:07:17.995 [Information] Arma3ServerTools: Starting Arma3 Server Tools. Install=C:\Program Files\Arma3 Server Tools\, UserData=C:\Program Files\Arma3 Server Tools\.
2026-05-27 12:07:21.817 [Information] Arma3ServerTools: ReloadServers completed in 16947 ms (source=disk, reads=1, syncStatePersists=1, servers=1).
2026-05-27 12:07:35.266 [Information] Arma3ServerTools: ReloadServers completed in 8532 ms (source=disk, reads=1, syncStatePersists=0, servers=1).
2026-05-27 13:03:17.424 [Information] Arma3ServerTools: Starting Arma3 Server Tools. Install=C:\Program Files\Arma3 Server Tools\, UserData=C:\Program Files\Arma3 Server Tools\.
2026-05-27 13:03:27.943 [Information] Arma3ServerTools: ReloadServers completed in 8649 ms (source=disk, reads=1, syncStatePersists=0, servers=1).
2026-05-27 14:02:10.304 [Information] Arma3ServerTools: Starting Arma3 Server Tools. Install=C:\Program Files\Arma3 Server Tools\, UserData=C:\Program Files\Arma3 Server Tools\.
2026-05-27 14:02:20.619 [Information] Arma3ServerTools: ReloadServers completed in 8686 ms (source=disk, reads=1, syncStatePersists=0, servers=1).
2026-05-27 15:00:23.626 [Information] Arma3ServerTools: Starting Arma3 Server Tools. Install=C:\Program Files\Arma3 Server Tools\, UserData=C:\Program Files\Arma3 Server Tools\.
2026-05-27 15:00:34.198 [Information] Arma3ServerTools: ReloadServers completed in 8705 ms (source=disk, reads=1, syncStatePersists=0, servers=1).
2026-05-27 15:01:50.224 [Information] UiPerformance: UI_PERF op=ModSettings.ScanMods elapsed_ms=1089 context=rows=186;server=db108a2ab3a440d18d329448c849e635
2026-05-27 16:25:12.574 [Information] Arma3ServerTools: Starting Arma3 Server Tools. Install=C:\Program Files\Arma3 Server Tools\, UserData=C:\Program Files\Arma3 Server Tools\.
2026-05-27 16:25:23.511 [Information] Arma3ServerTools: ReloadServers completed in 8872 ms (source=disk, reads=1, syncStatePersists=0, servers=1).
2026-05-27 16:27:36.712 [Information] Arma3ServerTools: ReloadServers completed in 10614 ms (source=disk, reads=2, syncStatePersists=0, servers=2).
2026-05-27 16:29:01.177 [Information] UiPerformance: UI_PERF op=MainForm.SaveConfig elapsed_ms=8434 context=cbecc5d805274d96ba6a0a7aa4cd2103
2026-05-27 16:29:14.923 [Information] UiPerformance: UI_PERF op=MainForm.RefreshSelectedRowState elapsed_ms=4216 context=cbecc5d805274d96ba6a0a7aa4cd2103
2026-05-27 16:29:14.923 [Information] UiPerformance: UI_PERF op=MainForm.WriteConfigFiles elapsed_ms=12588 context=cbecc5d805274d96ba6a0a7aa4cd2103
2026-05-27 16:29:56.993 [Information] UiPerformance: UI_PERF op=MainForm.SaveConfig elapsed_ms=8387 context=cbecc5d805274d96ba6a0a7aa4cd2103
2026-05-27 16:30:07.383 [Information] UiPerformance: UI_PERF op=MainForm.WriteConfigFiles elapsed_ms=8326 context=cbecc5d805274d96ba6a0a7aa4cd2103
2026-05-27 16:30:11.617 [Information] UiPerformance: UI_PERF op=MainForm.RefreshSelectedRowState elapsed_ms=4234 context=cbecc5d805274d96ba6a0a7aa4cd2103
2026-05-27 16:30:38.395 [Information] UiPerformance: UI_PERF op=ModSettings.ScanMods elapsed_ms=1429 context=rows=186;server=cbecc5d805274d96ba6a0a7aa4cd2103
2026-05-27 16:31:40.872 [Information] UiPerformance: UI_PERF op=ModSettings.ScanMods elapsed_ms=1118 context=rows=186;server=cbecc5d805274d96ba6a0a7aa4cd2103
2026-05-27 16:35:07.200 [Information] UiPerformance: UI_PERF op=MainForm.SaveConfig elapsed_ms=8388 context=cbecc5d805274d96ba6a0a7aa4cd2103
2026-05-27 16:35:58.961 [Information] UiPerformance: UI_PERF op=MainForm.WriteConfigFiles elapsed_ms=8292 context=cbecc5d805274d96ba6a0a7aa4cd2103
2026-05-27 16:36:03.161 [Information] UiPerformance: UI_PERF op=MainForm.RefreshSelectedRowState elapsed_ms=4200 context=cbecc5d805274d96ba6a0a7aa4cd2103
2026-05-27 16:42:11.689 [Information] Arma3ServerTools: Starting Arma3 Server Tools. Install=C:\Program Files\Arma3 Server Tools\, UserData=C:\Program Files\Arma3 Server Tools\.
2026-05-27 16:42:26.189 [Information] Arma3ServerTools: ReloadServers completed in 12855 ms (source=disk, reads=2, syncStatePersists=0, servers=2).
2026-05-27 16:42:46.064 [Information] UiPerformance: UI_PERF op=ModSettings.ScanMods elapsed_ms=1104 context=rows=243;server=cbecc5d805274d96ba6a0a7aa4cd2103
2026-05-27 16:43:13.447 [Information] UiPerformance: UI_PERF op=ModSettings.ScanMods elapsed_ms=1088 context=rows=243;server=cbecc5d805274d96ba6a0a7aa4cd2103
2026-05-27 16:48:27.827 [Information] UiPerformance: UI_PERF op=ModSettings.ScanMods elapsed_ms=1145 context=rows=248;server=cbecc5d805274d96ba6a0a7aa4cd2103
2026-05-27 16:49:00.872 [Information] UiPerformance: UI_PERF op=ModSettings.ScanMods elapsed_ms=1070 context=rows=248;server=cbecc5d805274d96ba6a0a7aa4cd2103
2026-05-27 16:49:13.801 [Information] UiPerformance: UI_PERF op=MainForm.SaveConfig elapsed_ms=8383 context=cbecc5d805274d96ba6a0a7aa4cd2103
2026-05-27 16:49:23.032 [Information] UiPerformance: UI_PERF op=MainForm.WriteConfigFiles elapsed_ms=8361 context=cbecc5d805274d96ba6a0a7aa4cd2103
2026-05-27 16:49:27.229 [Information] UiPerformance: UI_PERF op=MainForm.RefreshSelectedRowState elapsed_ms=4197 context=cbecc5d805274d96ba6a0a7aa4cd2103
2026-05-27 16:52:32.643 [Information] Arma3ServerTools: Starting Arma3 Server Tools. Install=C:\Program Files\Arma3 Server Tools\, UserData=C:\Program Files\Arma3 Server Tools\.
2026-05-27 16:52:47.462 [Information] Arma3ServerTools: ReloadServers completed in 12973 ms (source=disk, reads=2, syncStatePersists=0, servers=2).
2026-05-27 16:52:54.943 [Information] UiPerformance: UI_PERF op=ModSettings.ScanMods elapsed_ms=1091 context=rows=248;server=cbecc5d805274d96ba6a0a7aa4cd2103
2026-05-27 16:53:36.215 [Information] UiPerformance: UI_PERF op=MainForm.SaveConfig elapsed_ms=8476 context=cbecc5d805274d96ba6a0a7aa4cd2103
2026-05-27 16:53:45.868 [Information] UiPerformance: UI_PERF op=MainForm.WriteConfigFiles elapsed_ms=8348 context=cbecc5d805274d96ba6a0a7aa4cd2103
2026-05-27 16:53:50.096 [Information] UiPerformance: UI_PERF op=MainForm.RefreshSelectedRowState elapsed_ms=4229 context=cbecc5d805274d96ba6a0a7aa4cd2103
2026-05-27 16:54:07.722 [Information] UiPerformance: UI_PERF op=MainForm.StartServer elapsed_ms=16532 context=cbecc5d805274d96ba6a0a7aa4cd2103
2026-05-27 16:54:11.836 [Information] UiPerformance: UI_PERF op=MainForm.RefreshSelectedRowState elapsed_ms=4114 context=cbecc5d805274d96ba6a0a7aa4cd2103
2026-05-27 17:01:17.876 [Information] Arma3ServerTools: Starting Arma3 Server Tools. Install=C:\Program Files\Arma3 Server Tools\, UserData=C:\Program Files\Arma3 Server Tools\.
2026-05-27 17:01:40.732 [Information] Arma3ServerTools: ReloadServers completed in 21287 ms (source=disk, reads=2, syncStatePersists=1, servers=2).
2026-05-27 17:01:46.453 [Information] UiPerformance: UI_PERF op=ModSettings.ScanMods elapsed_ms=1094 context=rows=248;server=cbecc5d805274d96ba6a0a7aa4cd2103
2026-05-27 17:02:07.416 [Information] UiPerformance: UI_PERF op=ModSettings.ScanMods elapsed_ms=1059 context=rows=248;server=cbecc5d805274d96ba6a0a7aa4cd2103
2026-05-27 17:02:17.962 [Information] UiPerformance: UI_PERF op=MainForm.SaveConfig elapsed_ms=8412 context=cbecc5d805274d96ba6a0a7aa4cd2103
2026-05-27 17:02:31.727 [Information] UiPerformance: UI_PERF op=MainForm.RefreshSelectedRowState elapsed_ms=4219 context=cbecc5d805274d96ba6a0a7aa4cd2103
2026-05-27 17:02:31.727 [Information] UiPerformance: UI_PERF op=MainForm.WriteConfigFiles elapsed_ms=12532 context=cbecc5d805274d96ba6a0a7aa4cd2103
2026-05-27 17:02:49.201 [Information] UiPerformance: UI_PERF op=MainForm.StartServer elapsed_ms=16469 context=cbecc5d805274d96ba6a0a7aa4cd2103
2026-05-27 17:02:53.307 [Information] UiPerformance: UI_PERF op=MainForm.RefreshSelectedRowState elapsed_ms=4106 context=cbecc5d805274d96ba6a0a7aa4cd2103
2026-05-27 17:08:40.324 [Information] Arma3ServerTools: Starting Arma3 Server Tools. Install=C:\Program Files\Arma3 Server Tools\, UserData=C:\Program Files\Arma3 Server Tools\.
2026-05-27 17:09:03.326 [Information] Arma3ServerTools: ReloadServers completed in 21470 ms (source=disk, reads=2, syncStatePersists=1, servers=2).
2026-05-27 17:09:25.340 [Information] UiPerformance: UI_PERF op=ModSettings.ScanMods elapsed_ms=1126 context=rows=248;server=cbecc5d805274d96ba6a0a7aa4cd2103
2026-05-27 17:10:03.047 [Information] UiPerformance: UI_PERF op=MainForm.SaveConfig elapsed_ms=8245 context=cbecc5d805274d96ba6a0a7aa4cd2103
2026-05-27 17:10:16.801 [Information] UiPerformance: UI_PERF op=MainForm.RefreshSelectedRowState elapsed_ms=4303 context=cbecc5d805274d96ba6a0a7aa4cd2103
2026-05-27 17:10:16.801 [Information] UiPerformance: UI_PERF op=MainForm.WriteConfigFiles elapsed_ms=12566 context=cbecc5d805274d96ba6a0a7aa4cd2103
2026-05-27 17:10:35.023 [Information] UiPerformance: UI_PERF op=MainForm.StartServer elapsed_ms=16432 context=cbecc5d805274d96ba6a0a7aa4cd2103
2026-05-27 17:10:39.128 [Information] UiPerformance: UI_PERF op=MainForm.RefreshSelectedRowState elapsed_ms=4106 context=cbecc5d805274d96ba6a0a7aa4cd2103
2026-05-27 17:15:07.207 [Information] Arma3ServerTools: Starting Arma3 Server Tools. Install=C:\Program Files\Arma3 Server Tools\, UserData=C:\Program Files\Arma3 Server Tools\.
2026-05-27 17:15:29.834 [Information] Arma3ServerTools: ReloadServers completed in 21065 ms (source=disk, reads=2, syncStatePersists=1, servers=2).
2026-05-27 17:15:44.451 [Information] UiPerformance: UI_PERF op=ModSettings.ScanMods elapsed_ms=1921 context=rows=248;server=cbecc5d805274d96ba6a0a7aa4cd2103
2026-05-27 17:16:33.604 [Information] UiPerformance: UI_PERF op=MainForm.SaveConfig elapsed_ms=8393 context=cbecc5d805274d96ba6a0a7aa4cd2103
2026-05-27 17:16:47.396 [Information] UiPerformance: UI_PERF op=MainForm.RefreshSelectedRowState elapsed_ms=4154 context=cbecc5d805274d96ba6a0a7aa4cd2103
2026-05-27 17:16:47.396 [Information] UiPerformance: UI_PERF op=MainForm.WriteConfigFiles elapsed_ms=12465 context=cbecc5d805274d96ba6a0a7aa4cd2103
2026-05-27 17:18:34.412 [Information] UiPerformance: UI_PERF op=MainForm.StartServer elapsed_ms=16886 context=cbecc5d805274d96ba6a0a7aa4cd2103
2026-05-27 17:18:38.521 [Information] UiPerformance: UI_PERF op=MainForm.RefreshSelectedRowState elapsed_ms=4109 context=cbecc5d805274d96ba6a0a7aa4cd2103
2026-05-27 18:00:27.607 [Information] Arma3ServerTools: Starting Arma3 Server Tools. Install=C:\Program Files\Arma3 Server Tools\, UserData=C:\Program Files\Arma3 Server Tools\.
2026-05-27 18:00:50.482 [Information] Arma3ServerTools: ReloadServers completed in 21102 ms (source=disk, reads=2, syncStatePersists=1, servers=2).
2026-05-27 18:01:09.205 [Information] UiPerformance: UI_PERF op=ModSettings.ScanMods elapsed_ms=1104 context=rows=248;server=db108a2ab3a440d18d329448c849e635
2026-05-27 18:01:28.647 [Information] UiPerformance: UI_PERF op=ModSettings.ScanMods elapsed_ms=1052 context=rows=248;server=db108a2ab3a440d18d329448c849e635
2026-05-27 18:04:40.582 [Information] UiPerformance: UI_PERF op=MainForm.SaveConfig elapsed_ms=8294 context=db108a2ab3a440d18d329448c849e635
2026-05-27 18:06:03.775 [Information] UiPerformance: UI_PERF op=ModSettings.ScanMods elapsed_ms=1073 context=rows=261;server=db108a2ab3a440d18d329448c849e635
2026-05-27 18:06:34.455 [Information] UiPerformance: UI_PERF op=MainForm.SaveConfig elapsed_ms=8328 context=db108a2ab3a440d18d329448c849e635
2026-05-27 18:07:13.933 [Information] UiPerformance: UI_PERF op=MainForm.SaveConfig elapsed_ms=8413 context=db108a2ab3a440d18d329448c849e635
2026-05-27 18:07:23.444 [Information] UiPerformance: UI_PERF op=MainForm.WriteConfigFiles elapsed_ms=8351 context=db108a2ab3a440d18d329448c849e635
2026-05-27 18:07:27.580 [Information] UiPerformance: UI_PERF op=MainForm.RefreshSelectedRowState elapsed_ms=4136 context=db108a2ab3a440d18d329448c849e635
2026-05-27 18:12:42.298 [Information] Arma3ServerTools: Starting Arma3 Server Tools. Install=C:\Program Files\Arma3 Server Tools\, UserData=C:\Program Files\Arma3 Server Tools\.
2026-05-27 18:13:05.036 [Information] Arma3ServerTools: ReloadServers completed in 21166 ms (source=disk, reads=2, syncStatePersists=1, servers=2).
2026-05-27 18:13:35.024 [Information] UiPerformance: UI_PERF op=MainForm.SaveConfig elapsed_ms=8387 context=cbecc5d805274d96ba6a0a7aa4cd2103
2026-05-27 18:13:45.042 [Information] UiPerformance: UI_PERF op=MainForm.WriteConfigFiles elapsed_ms=8337 context=cbecc5d805274d96ba6a0a7aa4cd2103
2026-05-27 18:13:49.244 [Information] UiPerformance: UI_PERF op=MainForm.RefreshSelectedRowState elapsed_ms=4202 context=cbecc5d805274d96ba6a0a7aa4cd2103
2026-05-27 18:14:05.802 [Information] UiPerformance: UI_PERF op=MainForm.StartServer elapsed_ms=16511 context=cbecc5d805274d96ba6a0a7aa4cd2103
2026-05-27 18:14:09.920 [Information] UiPerformance: UI_PERF op=MainForm.RefreshSelectedRowState elapsed_ms=4118 context=cbecc5d805274d96ba6a0a7aa4cd2103
2026-05-27 18:18:13.454 [Information] UiPerformance: UI_PERF op=MainForm.RefreshSelectedRowState elapsed_ms=4292 context=cbecc5d805274d96ba6a0a7aa4cd2103
2026-05-27 18:18:37.122 [Information] UiPerformance: UI_PERF op=MainForm.StartServer elapsed_ms=16359 context=db108a2ab3a440d18d329448c849e635
2026-05-27 18:18:49.415 [Information] UiPerformance: UI_PERF op=MainForm.RefreshSelectedRowState elapsed_ms=12292 context=db108a2ab3a440d18d329448c849e635
2026-05-27 18:18:49.436 [Information] Arma3ServerTools: Server state poll persisted stale PID cleanup for 1 server(s).
2026-05-27 18:19:21.537 [Information] UiPerformance: UI_PERF op=MainForm.RefreshSelectedRowState elapsed_ms=4343 context=cbecc5d805274d96ba6a0a7aa4cd2103
2026-05-27 18:19:28.800 [Information] Arma3ServerTools: Server state poll persisted stale PID cleanup for 1 server(s).
2026-05-27 18:19:37.114 [Information] UiPerformance: UI_PERF op=MainForm.SaveConfig elapsed_ms=11699 context=db108a2ab3a440d18d329448c849e635
2026-05-27 18:19:49.025 [Information] UiPerformance: UI_PERF op=MainForm.WriteConfigFiles elapsed_ms=8393 context=db108a2ab3a440d18d329448c849e635
2026-05-27 18:19:53.195 [Information] UiPerformance: UI_PERF op=MainForm.RefreshSelectedRowState elapsed_ms=4170 context=db108a2ab3a440d18d329448c849e635
2026-05-27 18:20:55.002 [Information] UiPerformance: UI_PERF op=MainForm.StartServer elapsed_ms=16524 context=db108a2ab3a440d18d329448c849e635
2026-05-27 18:20:59.115 [Information] UiPerformance: UI_PERF op=MainForm.RefreshSelectedRowState elapsed_ms=4113 context=db108a2ab3a440d18d329448c849e635
2026-05-27 18:38:08.319 [Information] Arma3ServerTools: Starting Arma3 Server Tools. Install=C:\Program Files\Arma3 Server Tools\, UserData=C:\Program Files\Arma3 Server Tools\.
2026-05-27 18:38:22.567 [Information] Arma3ServerTools: ReloadServers completed in 12581 ms (source=disk, reads=2, syncStatePersists=0, servers=2).
2026-05-27 18:39:33.906 [Information] Arma3ServerTools: Server state poll persisted stale PID cleanup for 1 server(s).
2026-05-27 18:39:54.985 [Information] UiPerformance: UI_PERF op=MainForm.StartServer elapsed_ms=16497 context=db108a2ab3a440d18d329448c849e635
2026-05-27 18:39:59.105 [Information] UiPerformance: UI_PERF op=MainForm.RefreshSelectedRowState elapsed_ms=4121 context=db108a2ab3a440d18d329448c849e635
2026-05-27 19:02:46.050 [Information] Arma3ServerTools: Server state poll persisted stale PID cleanup for 1 server(s).
2026-05-27 19:02:54.427 [Information] UiPerformance: UI_PERF op=MainForm.SaveConfig elapsed_ms=16374 context=db108a2ab3a440d18d329448c849e635
2026-05-27 19:03:04.036 [Information] UiPerformance: UI_PERF op=MainForm.WriteConfigFiles elapsed_ms=8329 context=db108a2ab3a440d18d329448c849e635
2026-05-27 19:03:08.247 [Information] UiPerformance: UI_PERF op=MainForm.RefreshSelectedRowState elapsed_ms=4210 context=db108a2ab3a440d18d329448c849e635
2026-05-27 19:03:38.566 [Information] UiPerformance: UI_PERF op=MainForm.StartServer elapsed_ms=16556 context=db108a2ab3a440d18d329448c849e635
2026-05-27 19:03:42.685 [Information] UiPerformance: UI_PERF op=MainForm.RefreshSelectedRowState elapsed_ms=4119 context=db108a2ab3a440d18d329448c849e635
2026-05-27 20:39:43.760 [Information] Arma3ServerTools: Starting Arma3 Server Tools. Install=C:\Program Files\Arma3 Server Tools\, UserData=C:\Program Files\Arma3 Server Tools\.
2026-05-27 20:39:58.426 [Information] Arma3ServerTools: ReloadServers completed in 12753 ms (source=disk, reads=2, syncStatePersists=0, servers=2).
2026-05-27 20:41:14.530 [Information] UiPerformance: UI_PERF op=MainForm.SaveConfig elapsed_ms=8189 context=cbecc5d805274d96ba6a0a7aa4cd2103
2026-05-27 20:41:23.678 [Information] UiPerformance: UI_PERF op=MainForm.WriteConfigFiles elapsed_ms=8205 context=cbecc5d805274d96ba6a0a7aa4cd2103
2026-05-27 20:41:27.791 [Information] UiPerformance: UI_PERF op=MainForm.RefreshSelectedRowState elapsed_ms=4113 context=cbecc5d805274d96ba6a0a7aa4cd2103
2026-05-27 20:42:46.911 [Information] UiPerformance: UI_PERF op=ModSettings.ScanMods elapsed_ms=1218 context=rows=261;server=cbecc5d805274d96ba6a0a7aa4cd2103
2026-05-27 20:43:45.889 [Information] UiPerformance: UI_PERF op=MainForm.SaveConfig elapsed_ms=8195 context=cbecc5d805274d96ba6a0a7aa4cd2103
2026-05-27 20:43:55.303 [Information] UiPerformance: UI_PERF op=MainForm.WriteConfigFiles elapsed_ms=8183 context=cbecc5d805274d96ba6a0a7aa4cd2103
2026-05-27 20:43:59.415 [Information] UiPerformance: UI_PERF op=MainForm.RefreshSelectedRowState elapsed_ms=4111 context=cbecc5d805274d96ba6a0a7aa4cd2103
2026-05-27 20:44:38.713 [Information] UiPerformance: UI_PERF op=MainForm.StartServer elapsed_ms=16378 context=cbecc5d805274d96ba6a0a7aa4cd2103
2026-05-27 20:44:42.825 [Information] UiPerformance: UI_PERF op=MainForm.RefreshSelectedRowState elapsed_ms=4111 context=cbecc5d805274d96ba6a0a7aa4cd2103
2026-05-28 02:11:32.803 [Information] Arma3ServerTools: Starting Arma3 Server Tools. Install=C:\Program Files\Arma3 Server Tools\, UserData=C:\Program Files\Arma3 Server Tools\.
2026-05-28 02:11:47.463 [Information] Arma3ServerTools: ReloadServers completed in 12727 ms (source=disk, reads=2, syncStatePersists=0, servers=2).
2026-05-28 02:12:31.090 [Information] UiPerformance: UI_PERF op=ModSettings.ScanMods elapsed_ms=1125 context=rows=261;server=cbecc5d805274d96ba6a0a7aa4cd2103
2026-05-28 21:56:53.541 [Information] Arma3ServerTools: Server state poll persisted stale PID cleanup for 1 server(s).
2026-05-28 21:56:57.052 [Information] UiPerformance: UI_PERF op=ModSettings.ScanMods elapsed_ms=1100 context=rows=261;server=cbecc5d805274d96ba6a0a7aa4cd2103
2026-05-28 22:01:18.988 [Information] UiPerformance: UI_PERF op=MainForm.SaveConfig elapsed_ms=8300 context=cbecc5d805274d96ba6a0a7aa4cd2103
2026-05-28 22:01:28.623 [Information] UiPerformance: UI_PERF op=MainForm.WriteConfigFiles elapsed_ms=8191 context=cbecc5d805274d96ba6a0a7aa4cd2103
2026-05-28 22:01:32.740 [Information] UiPerformance: UI_PERF op=MainForm.RefreshSelectedRowState elapsed_ms=4118 context=cbecc5d805274d96ba6a0a7aa4cd2103
2026-05-29 11:36:37.221 [Information] Arma3ServerTools: Server state poll persisted stale PID cleanup for 1 server(s).
2026-05-29 11:36:48.901 [Information] UiPerformance: UI_PERF op=ModSettings.ScanMods elapsed_ms=1118 context=rows=261;server=cbecc5d805274d96ba6a0a7aa4cd2103
2026-05-29 11:40:10.914 [Information] UiPerformance: UI_PERF op=ModSettings.ScanMods elapsed_ms=1126 context=rows=261;server=cbecc5d805274d96ba6a0a7aa4cd2103
2026-05-29 11:41:46.623 [Information] UiPerformance: UI_PERF op=ModSettings.ScanMods elapsed_ms=1140 context=rows=261;server=cbecc5d805274d96ba6a0a7aa4cd2103
2026-05-29 11:43:15.994 [Information] UiPerformance: UI_PERF op=ModSettings.ScanMods elapsed_ms=1083 context=rows=261;server=cbecc5d805274d96ba6a0a7aa4cd2103
2026-05-29 11:46:23.305 [Information] UiPerformance: UI_PERF op=ModSettings.ScanMods elapsed_ms=1098 context=rows=263;server=cbecc5d805274d96ba6a0a7aa4cd2103
2026-05-29 11:46:39.807 [Information] UiPerformance: UI_PERF op=MainForm.SaveConfig elapsed_ms=8365 context=cbecc5d805274d96ba6a0a7aa4cd2103
2026-05-29 11:46:52.154 [Information] UiPerformance: UI_PERF op=MainForm.WriteConfigFiles elapsed_ms=8356 context=cbecc5d805274d96ba6a0a7aa4cd2103
2026-05-29 11:46:56.340 [Information] UiPerformance: UI_PERF op=MainForm.RefreshSelectedRowState elapsed_ms=4185 context=cbecc5d805274d96ba6a0a7aa4cd2103
2026-05-29 12:44:54.959 [Information] UiPerformance: UI_PERF op=MainForm.SaveConfig elapsed_ms=8428 context=cbecc5d805274d96ba6a0a7aa4cd2103
2026-05-29 12:45:04.361 [Information] UiPerformance: UI_PERF op=MainForm.WriteConfigFiles elapsed_ms=8298 context=cbecc5d805274d96ba6a0a7aa4cd2103
2026-05-29 12:45:08.550 [Information] UiPerformance: UI_PERF op=MainForm.RefreshSelectedRowState elapsed_ms=4189 context=cbecc5d805274d96ba6a0a7aa4cd2103
2026-05-29 12:45:25.167 [Information] UiPerformance: UI_PERF op=MainForm.StartServer elapsed_ms=16494 context=cbecc5d805274d96ba6a0a7aa4cd2103
2026-05-29 12:45:29.283 [Information] UiPerformance: UI_PERF op=MainForm.RefreshSelectedRowState elapsed_ms=4115 context=cbecc5d805274d96ba6a0a7aa4cd2103
2026-05-29 14:36:39.156 [Information] UiPerformance: UI_PERF op=ModSettings.ScanMods elapsed_ms=1072 context=rows=263;server=cbecc5d805274d96ba6a0a7aa4cd2103
2026-05-29 14:36:49.885 [Information] UiPerformance: UI_PERF op=MainForm.SaveConfig elapsed_ms=8179 context=cbecc5d805274d96ba6a0a7aa4cd2103
2026-05-29 14:36:59.383 [Information] UiPerformance: UI_PERF op=MainForm.WriteConfigFiles elapsed_ms=8312 context=cbecc5d805274d96ba6a0a7aa4cd2103
2026-05-29 14:37:11.802 [Information] UiPerformance: UI_PERF op=MainForm.RefreshSelectedRowState elapsed_ms=12419 context=cbecc5d805274d96ba6a0a7aa4cd2103
2026-05-29 14:37:11.811 [Information] Arma3ServerTools: Server state poll persisted stale PID cleanup for 1 server(s).
2026-05-29 14:37:32.988 [Information] UiPerformance: UI_PERF op=MainForm.StartServer elapsed_ms=16491 context=cbecc5d805274d96ba6a0a7aa4cd2103
2026-05-29 14:37:37.098 [Information] UiPerformance: UI_PERF op=MainForm.RefreshSelectedRowState elapsed_ms=4111 context=cbecc5d805274d96ba6a0a7aa4cd2103
2026-05-29 14:39:25.020 [Information] Arma3ServerTools: Server state poll persisted stale PID cleanup for 1 server(s).
2026-05-29 14:39:33.333 [Information] UiPerformance: UI_PERF op=MainForm.SaveConfig elapsed_ms=13239 context=cbecc5d805274d96ba6a0a7aa4cd2103
2026-05-29 14:39:43.131 [Information] UiPerformance: UI_PERF op=MainForm.WriteConfigFiles elapsed_ms=8375 context=cbecc5d805274d96ba6a0a7aa4cd2103
2026-05-29 14:39:47.329 [Information] UiPerformance: UI_PERF op=MainForm.RefreshSelectedRowState elapsed_ms=4198 context=cbecc5d805274d96ba6a0a7aa4cd2103
2026-05-29 14:40:05.038 [Information] UiPerformance: UI_PERF op=MainForm.StartServer elapsed_ms=16537 context=cbecc5d805274d96ba6a0a7aa4cd2103
2026-05-29 14:40:09.149 [Information] UiPerformance: UI_PERF op=MainForm.RefreshSelectedRowState elapsed_ms=4111 context=cbecc5d805274d96ba6a0a7aa4cd2103
2026-05-29 14:54:36.280 [Information] UiPerformance: UI_PERF op=MainForm.SaveConfig elapsed_ms=8441 context=cbecc5d805274d96ba6a0a7aa4cd2103
2026-05-29 14:54:44.549 [Information] Arma3ServerTools: Server state poll persisted stale PID cleanup for 1 server(s).
2026-05-29 14:54:52.878 [Information] UiPerformance: UI_PERF op=MainForm.WriteConfigFiles elapsed_ms=16016 context=cbecc5d805274d96ba6a0a7aa4cd2103
2026-05-29 14:54:57.098 [Information] UiPerformance: UI_PERF op=MainForm.RefreshSelectedRowState elapsed_ms=4220 context=cbecc5d805274d96ba6a0a7aa4cd2103
2026-05-29 14:55:13.643 [Information] UiPerformance: UI_PERF op=MainForm.StartServer elapsed_ms=16500 context=cbecc5d805274d96ba6a0a7aa4cd2103
2026-05-29 14:55:17.758 [Information] UiPerformance: UI_PERF op=MainForm.RefreshSelectedRowState elapsed_ms=4114 context=cbecc5d805274d96ba6a0a7aa4cd2103
2026-05-29 15:09:05.495 [Information] UiPerformance: UI_PERF op=MainForm.SaveConfig elapsed_ms=8449 context=cbecc5d805274d96ba6a0a7aa4cd2103
2026-05-29 15:09:13.838 [Information] Arma3ServerTools: Server state poll persisted stale PID cleanup for 1 server(s).
2026-05-29 15:09:22.123 [Information] UiPerformance: UI_PERF op=MainForm.WriteConfigFiles elapsed_ms=15883 context=cbecc5d805274d96ba6a0a7aa4cd2103
2026-05-29 15:09:26.311 [Information] UiPerformance: UI_PERF op=MainForm.RefreshSelectedRowState elapsed_ms=4188 context=cbecc5d805274d96ba6a0a7aa4cd2103
2026-05-29 15:09:44.452 [Information] UiPerformance: UI_PERF op=MainForm.StartServer elapsed_ms=16528 context=cbecc5d805274d96ba6a0a7aa4cd2103
2026-05-29 15:09:48.566 [Information] UiPerformance: UI_PERF op=MainForm.RefreshSelectedRowState elapsed_ms=4114 context=cbecc5d805274d96ba6a0a7aa4cd2103
2026-05-29 16:09:40.986 [Information] Arma3ServerTools: Server state poll persisted stale PID cleanup for 1 server(s).
2026-05-29 16:09:41.041 [Information] UiPerformance: UI_PERF op=ModSettings.ScanMods elapsed_ms=1109 context=rows=263;server=cbecc5d805274d96ba6a0a7aa4cd2103
2026-05-29 16:09:51.473 [Information] UiPerformance: UI_PERF op=MainForm.SaveConfig elapsed_ms=8316 context=cbecc5d805274d96ba6a0a7aa4cd2103
2026-05-29 16:11:37.089 [Information] UiPerformance: UI_PERF op=MainForm.StartServer elapsed_ms=16543 context=cbecc5d805274d96ba6a0a7aa4cd2103
2026-05-29 16:11:41.193 [Information] UiPerformance: UI_PERF op=MainForm.RefreshSelectedRowState elapsed_ms=4104 context=cbecc5d805274d96ba6a0a7aa4cd2103
2026-05-29 16:36:48.965 [Information] UiPerformance: UI_PERF op=ModSettings.ScanMods elapsed_ms=1105 context=rows=263;server=cbecc5d805274d96ba6a0a7aa4cd2103
2026-05-29 16:36:51.977 [Information] Arma3ServerTools: Server state poll persisted stale PID cleanup for 1 server(s).
2026-05-29 16:37:00.341 [Information] UiPerformance: UI_PERF op=MainForm.SaveConfig elapsed_ms=8770 context=cbecc5d805274d96ba6a0a7aa4cd2103
2026-05-29 16:37:09.389 [Information] UiPerformance: UI_PERF op=MainForm.WriteConfigFiles elapsed_ms=8357 context=cbecc5d805274d96ba6a0a7aa4cd2103
2026-05-29 16:37:13.592 [Information] UiPerformance: UI_PERF op=MainForm.RefreshSelectedRowState elapsed_ms=4202 context=cbecc5d805274d96ba6a0a7aa4cd2103
2026-05-29 16:37:31.442 [Information] UiPerformance: UI_PERF op=MainForm.StartServer elapsed_ms=16502 context=cbecc5d805274d96ba6a0a7aa4cd2103
2026-05-29 16:37:35.555 [Information] UiPerformance: UI_PERF op=MainForm.RefreshSelectedRowState elapsed_ms=4113 context=cbecc5d805274d96ba6a0a7aa4cd2103
2026-05-29 16:45:31.089 [Information] Arma3ServerTools: Server state poll persisted stale PID cleanup for 1 server(s).
2026-05-29 16:46:05.504 [Information] UiPerformance: UI_PERF op=ModSettings.ScanMods elapsed_ms=1073 context=rows=263;server=cbecc5d805274d96ba6a0a7aa4cd2103
2026-05-29 16:46:24.174 [Information] UiPerformance: UI_PERF op=MainForm.SaveConfig elapsed_ms=8342 context=cbecc5d805274d96ba6a0a7aa4cd2103
2026-05-29 16:46:35.488 [Information] UiPerformance: UI_PERF op=MainForm.WriteConfigFiles elapsed_ms=8312 context=cbecc5d805274d96ba6a0a7aa4cd2103
2026-05-29 16:46:39.685 [Information] UiPerformance: UI_PERF op=MainForm.RefreshSelectedRowState elapsed_ms=4197 context=cbecc5d805274d96ba6a0a7aa4cd2103
2026-05-29 16:47:24.851 [Information] UiPerformance: UI_PERF op=MainForm.StartServer elapsed_ms=16472 context=cbecc5d805274d96ba6a0a7aa4cd2103
2026-05-29 16:47:28.972 [Information] UiPerformance: UI_PERF op=MainForm.RefreshSelectedRowState elapsed_ms=4120 context=cbecc5d805274d96ba6a0a7aa4cd2103
2026-05-29 16:54:16.170 [Information] Arma3ServerTools: Server state poll persisted stale PID cleanup for 1 server(s).
2026-05-29 16:55:03.435 [Information] UiPerformance: UI_PERF op=ModSettings.ScanMods elapsed_ms=1116 context=rows=263;server=cbecc5d805274d96ba6a0a7aa4cd2103
2026-05-29 17:01:00.981 [Information] UiPerformance: UI_PERF op=MainForm.SaveConfig elapsed_ms=8407 context=cbecc5d805274d96ba6a0a7aa4cd2103
2026-05-29 17:01:11.129 [Information] UiPerformance: UI_PERF op=MainForm.WriteConfigFiles elapsed_ms=8317 context=cbecc5d805274d96ba6a0a7aa4cd2103
2026-05-29 17:01:15.305 [Information] UiPerformance: UI_PERF op=MainForm.RefreshSelectedRowState elapsed_ms=4176 context=cbecc5d805274d96ba6a0a7aa4cd2103
2026-05-29 17:20:38.886 [Information] Arma3ServerTools: Starting Arma3 Server Tools. Install=C:\Program Files\Arma3 Server Tools\, UserData=C:\Program Files\Arma3 Server Tools\.
2026-05-29 17:20:53.229 [Information] Arma3ServerTools: ReloadServers completed in 12686 ms (source=disk, reads=2, syncStatePersists=0, servers=2).
2026-05-29 17:22:50.879 [Information] UiPerformance: UI_PERF op=ModSettings.ScanMods elapsed_ms=3487 context=rows=263;server=cbecc5d805274d96ba6a0a7aa4cd2103
2026-05-29 17:23:29.984 [Information] UiPerformance: UI_PERF op=ModSettings.ScanMods elapsed_ms=1212 context=rows=263;server=cbecc5d805274d96ba6a0a7aa4cd2103
2026-05-29 17:23:47.420 [Information] UiPerformance: UI_PERF op=MainForm.SaveConfig elapsed_ms=8174 context=cbecc5d805274d96ba6a0a7aa4cd2103
2026-05-29 17:23:57.340 [Information] UiPerformance: UI_PERF op=MainForm.WriteConfigFiles elapsed_ms=8180 context=cbecc5d805274d96ba6a0a7aa4cd2103
2026-05-29 17:24:01.460 [Information] UiPerformance: UI_PERF op=MainForm.RefreshSelectedRowState elapsed_ms=4120 context=cbecc5d805274d96ba6a0a7aa4cd2103
2026-05-29 17:24:31.533 [Information] UiPerformance: UI_PERF op=MainForm.StartServer elapsed_ms=18408 context=cbecc5d805274d96ba6a0a7aa4cd2103
2026-05-29 17:24:35.642 [Information] UiPerformance: UI_PERF op=MainForm.RefreshSelectedRowState elapsed_ms=4108 context=cbecc5d805274d96ba6a0a7aa4cd2103
2026-05-29 17:32:56.573 [Information] UiPerformance: UI_PERF op=ModSettings.ScanMods elapsed_ms=1215 context=rows=263;server=cbecc5d805274d96ba6a0a7aa4cd2103
2026-05-29 17:32:58.499 [Information] Arma3ServerTools: Server state poll persisted stale PID cleanup for 1 server(s).
2026-05-29 17:33:06.661 [Information] UiPerformance: UI_PERF op=MainForm.SaveConfig elapsed_ms=8607 context=cbecc5d805274d96ba6a0a7aa4cd2103
2026-05-29 17:33:15.996 [Information] UiPerformance: UI_PERF op=MainForm.WriteConfigFiles elapsed_ms=8169 context=cbecc5d805274d96ba6a0a7aa4cd2103
2026-05-29 17:33:20.115 [Information] UiPerformance: UI_PERF op=MainForm.RefreshSelectedRowState elapsed_ms=4118 context=cbecc5d805274d96ba6a0a7aa4cd2103
2026-05-29 17:33:38.513 [Information] UiPerformance: UI_PERF op=MainForm.StartServer elapsed_ms=18342 context=cbecc5d805274d96ba6a0a7aa4cd2103
2026-05-29 17:33:42.625 [Information] UiPerformance: UI_PERF op=MainForm.RefreshSelectedRowState elapsed_ms=4112 context=cbecc5d805274d96ba6a0a7aa4cd2103
2026-05-29 17:36:49.536 [Information] Arma3ServerTools: Server state poll persisted stale PID cleanup for 1 server(s).
2026-05-29 17:37:01.196 [Information] UiPerformance: UI_PERF op=MainForm.SaveConfig elapsed_ms=8190 context=cbecc5d805274d96ba6a0a7aa4cd2103
2026-05-29 17:37:10.848 [Information] UiPerformance: UI_PERF op=MainForm.WriteConfigFiles elapsed_ms=8185 context=cbecc5d805274d96ba6a0a7aa4cd2103
2026-05-29 17:37:16.885 [Information] UiPerformance: UI_PERF op=MainForm.RefreshSelectedRowState elapsed_ms=6037 context=cbecc5d805274d96ba6a0a7aa4cd2103
2026-05-29 17:40:24.029 [Information] UiPerformance: UI_PERF op=MainForm.StartServer elapsed_ms=18438 context=cbecc5d805274d96ba6a0a7aa4cd2103
2026-05-29 17:40:28.144 [Information] UiPerformance: UI_PERF op=MainForm.RefreshSelectedRowState elapsed_ms=4115 context=cbecc5d805274d96ba6a0a7aa4cd2103
2026-05-29 17:47:28.482 [Information] Arma3ServerTools: Server state poll persisted stale PID cleanup for 1 server(s).
2026-05-29 17:47:30.944 [Information] UiPerformance: UI_PERF op=ModSettings.ScanMods elapsed_ms=1197 context=rows=263;server=cbecc5d805274d96ba6a0a7aa4cd2103
2026-05-29 17:47:44.288 [Information] UiPerformance: UI_PERF op=ModSettings.ScanMods elapsed_ms=1192 context=rows=263;server=cbecc5d805274d96ba6a0a7aa4cd2103
2026-05-29 17:47:54.524 [Information] UiPerformance: UI_PERF op=MainForm.SaveConfig elapsed_ms=8179 context=cbecc5d805274d96ba6a0a7aa4cd2103
2026-05-29 17:48:05.603 [Information] UiPerformance: UI_PERF op=MainForm.WriteConfigFiles elapsed_ms=8175 context=cbecc5d805274d96ba6a0a7aa4cd2103
2026-05-29 17:48:09.715 [Information] UiPerformance: UI_PERF op=MainForm.RefreshSelectedRowState elapsed_ms=4111 context=cbecc5d805274d96ba6a0a7aa4cd2103
2026-05-29 17:48:32.300 [Information] UiPerformance: UI_PERF op=MainForm.StartServer elapsed_ms=18347 context=cbecc5d805274d96ba6a0a7aa4cd2103
2026-05-29 17:48:36.412 [Information] UiPerformance: UI_PERF op=MainForm.RefreshSelectedRowState elapsed_ms=4112 context=cbecc5d805274d96ba6a0a7aa4cd2103
2026-05-29 18:42:17.949 [Information] UiPerformance: UI_PERF op=ModSettings.ScanMods elapsed_ms=1195 context=rows=263;server=cbecc5d805274d96ba6a0a7aa4cd2103
2026-05-29 18:42:22.381 [Information] Arma3ServerTools: Server state poll persisted stale PID cleanup for 1 server(s).
2026-05-29 18:42:30.544 [Information] UiPerformance: UI_PERF op=MainForm.SaveConfig elapsed_ms=11822 context=cbecc5d805274d96ba6a0a7aa4cd2103
2026-05-29 18:42:41.733 [Information] UiPerformance: UI_PERF op=MainForm.WriteConfigFiles elapsed_ms=8179 context=cbecc5d805274d96ba6a0a7aa4cd2103
2026-05-29 18:42:45.848 [Information] UiPerformance: UI_PERF op=MainForm.RefreshSelectedRowState elapsed_ms=4114 context=cbecc5d805274d96ba6a0a7aa4cd2103
2026-05-29 18:43:05.555 [Information] UiPerformance: UI_PERF op=MainForm.StartServer elapsed_ms=18353 context=cbecc5d805274d96ba6a0a7aa4cd2103
2026-05-29 18:43:09.676 [Information] UiPerformance: UI_PERF op=MainForm.RefreshSelectedRowState elapsed_ms=4120 context=cbecc5d805274d96ba6a0a7aa4cd2103
2026-05-29 18:51:52.463 [Information] Arma3ServerTools: Server state poll persisted stale PID cleanup for 1 server(s).
2026-05-29 18:52:05.680 [Information] UiPerformance: UI_PERF op=ModSettings.ScanMods elapsed_ms=1202 context=rows=263;server=cbecc5d805274d96ba6a0a7aa4cd2103
2026-05-29 18:52:46.326 [Information] UiPerformance: UI_PERF op=ModSettings.ScanMods elapsed_ms=1274 context=rows=263;server=cbecc5d805274d96ba6a0a7aa4cd2103
2026-05-29 18:52:55.573 [Information] UiPerformance: UI_PERF op=MainForm.SaveConfig elapsed_ms=8178 context=cbecc5d805274d96ba6a0a7aa4cd2103
2026-05-29 18:53:10.603 [Information] UiPerformance: UI_PERF op=MainForm.WriteConfigFiles elapsed_ms=8177 context=cbecc5d805274d96ba6a0a7aa4cd2103
2026-05-29 18:53:14.715 [Information] UiPerformance: UI_PERF op=MainForm.RefreshSelectedRowState elapsed_ms=4111 context=cbecc5d805274d96ba6a0a7aa4cd2103
2026-05-29 18:54:18.974 [Information] UiPerformance: UI_PERF op=MainForm.WriteConfigFiles elapsed_ms=8175 context=cbecc5d805274d96ba6a0a7aa4cd2103
2026-05-29 18:54:23.086 [Information] UiPerformance: UI_PERF op=MainForm.RefreshSelectedRowState elapsed_ms=4112 context=cbecc5d805274d96ba6a0a7aa4cd2103
2026-05-29 18:54:43.160 [Information] UiPerformance: UI_PERF op=MainForm.StartServer elapsed_ms=18343 context=cbecc5d805274d96ba6a0a7aa4cd2103
2026-05-29 18:54:47.279 [Information] UiPerformance: UI_PERF op=MainForm.RefreshSelectedRowState elapsed_ms=4119 context=cbecc5d805274d96ba6a0a7aa4cd2103
2026-05-31 15:00:15.960 [Information] Arma3ServerTools: Starting Arma3 Server Tools. Install=C:\Program Files\Arma3 Server Tools\, UserData=C:\Program Files\Arma3 Server Tools\.
2026-05-31 15:00:38.421 [Information] Arma3ServerTools: ReloadServers completed in 20901 ms (source=disk, reads=2, syncStatePersists=1, servers=2).
2026-05-31 15:02:21.888 [Information] UiPerformance: UI_PERF op=MainForm.SaveConfig elapsed_ms=8195 context=cbecc5d805274d96ba6a0a7aa4cd2103
2026-05-31 15:02:35.351 [Information] UiPerformance: UI_PERF op=MainForm.RefreshSelectedRowState elapsed_ms=4107 context=cbecc5d805274d96ba6a0a7aa4cd2103
2026-05-31 15:02:35.351 [Information] UiPerformance: UI_PERF op=MainForm.WriteConfigFiles elapsed_ms=12298 context=cbecc5d805274d96ba6a0a7aa4cd2103
2026-05-31 15:02:55.786 [Information] UiPerformance: UI_PERF op=MainForm.StartServer elapsed_ms=18420 context=cbecc5d805274d96ba6a0a7aa4cd2103
2026-05-31 15:02:59.902 [Information] UiPerformance: UI_PERF op=MainForm.RefreshSelectedRowState elapsed_ms=4116 context=cbecc5d805274d96ba6a0a7aa4cd2103
2026-05-31 15:43:18.300 [Information] UiPerformance: UI_PERF op=ModSettings.ScanMods elapsed_ms=2974 context=rows=263;server=cbecc5d805274d96ba6a0a7aa4cd2103
2026-05-31 15:43:30.446 [Information] Arma3ServerTools: Server state poll persisted stale PID cleanup for 1 server(s).
2026-05-31 15:43:30.648 [Information] UiPerformance: UI_PERF op=ModSettings.ScanMods elapsed_ms=1280 context=rows=263;server=cbecc5d805274d96ba6a0a7aa4cd2103
2026-05-31 16:28:14.128 [Information] UiPerformance: UI_PERF op=MainForm.StartServer elapsed_ms=18489 context=cbecc5d805274d96ba6a0a7aa4cd2103
2026-05-31 16:28:18.235 [Information] UiPerformance: UI_PERF op=MainForm.RefreshSelectedRowState elapsed_ms=4106 context=cbecc5d805274d96ba6a0a7aa4cd2103
